INFO:     Started server process [7780]
INFO:     Waiting for application startup.
2026-09-22 11:29:03,397 [INFO] Existing tables detected — skipping schema creation.
2026-09-22 11:29:05,315 [INFO] Adding job tentatively -- it will be properly scheduled when the scheduler starts
2026-09-22 11:29:05,322 [INFO] Added job "_sweep_all_organizations" to job store "default"
2026-09-22 11:29:05,324 [INFO] Scheduler started
2026-09-22 11:29:05,326 [INFO] [assist-sweep] Started, running every 24 hour(s).
2026-09-22 11:29:05,328 [INFO] Adding job tentatively -- it will be properly scheduled when the scheduler starts
2026-09-22 11:29:05,329 [INFO] Added job "_run_sweep" to job store "default"
2026-09-22 11:29:05,329 [INFO] Scheduler started
2026-09-22 11:29:05,330 [INFO] [trial-sweep] Started, running every 24 hour(s).
2026-09-22 11:29:05,330 [INFO] Adding job tentatively -- it will be properly scheduled when the scheduler starts
2026-09-22 11:29:05,330 [INFO] Added job "_run_dunning_sweep" to job store "default"
2026-09-22 11:29:05,330 [INFO] Scheduler started
2026-09-22 11:29:05,331 [INFO] [dunning-sweep] Started, running every 24 hour(s).
2026-09-22 11:29:05,331 [INFO] Adding job tentatively -- it will be properly scheduled when the scheduler starts
2026-09-22 11:29:05,331 [INFO] Added job "_run_sweep" to job store "default"
2026-09-22 11:29:05,331 [INFO] Scheduler started
2026-09-22 11:29:05,332 [INFO] [assisted-access-sweep] Started, running every 60 minute(s).
2026-09-22 11:29:05,333 [INFO] Adding job tentatively -- it will be properly scheduled when the scheduler starts
2026-09-22 11:29:05,333 [INFO] Added job "_run_sweep" to job store "default"
2026-09-22 11:29:05,333 [INFO] Scheduler started
2026-09-22 11:29:05,333 [INFO] [token-cleanup] Started, running every 24 hour(s).
2026-09-22 11:29:06,995 [INFO] Zoiko Payroll Platform backend is ready.
INFO:     Application startup complete.
INFO:     Uvicorn running on http://127.0.0.1:8000 (Press CTRL+C to quit)
